
> my-astro-portfolio@0.0.1 build
> astro build

[33m[1m23:39:26[22m [WARN] [router][39m The route "/blog" is defined in both "src/pages/blog/index.astro" and "src/pages/blog.astro". A static route cannot be defined more than once.
[33m[1m23:39:26[22m [WARN] [router][39m A collision will result in an hard error in following versions of Astro.
[2m23:39:26[22m [34m[content][39m Syncing content
[2m23:39:26[22m [34m[content][39m Synced content
[2m23:39:26[22m [34m[types][39m Generated [2m354ms[22m
[2m23:39:26[22m [34m[build][39m output: [34m"static"[39m
[2m23:39:26[22m [34m[build][39m mode: [34m"static"[39m
[2m23:39:26[22m [34m[build][39m directory: [34mC:\Users\Lenovo\Desktop\Practice-projects\my-portfolio\dist\[39m
[2m23:39:26[22m [34m[build][39m Collecting build info...
[2m23:39:26[22m [34m[build][39m [32mΓ£ô Completed in 374ms.[39m
[2m23:39:26[22m [34m[build][39m Building static entrypoints...
[33m[1m23:39:27[22m [WARN] [vite][39m [33m"matchHostname", "matchPathname", "matchPort" and "matchProtocol" are imported from external module "@astrojs/internal-helpers/remote" but never used in "node_modules/astro/dist/assets/utils/remotePattern.js".[39m
[2m23:39:27[22m [34m[vite][39m [32mΓ£ô built in 831ms[39m
[2m23:39:27[22m [34m[build][39m [32mΓ£ô Completed in 863ms.[39m

[42m[30m building client (vite) [39m[49m
[2m23:39:27[22m [34m[vite][39m transforming...
[2m23:39:29[22m [34m[vite][39m [32mΓ£ô[39m 2128 modules transformed.
[2m23:39:29[22m [34m[vite][39m rendering chunks...
[2m23:39:29[22m [34m[vite][39m computing gzip size...
[2m23:39:29[22m [34m[vite][39m [2mdist/[22m[32mregisterSW.js                                                   [39m[1m[2m  0.13 kB[22m[1m[22m
[2m23:39:29[22m [34m[vite][39m [2mdist/[22m[32mmanifest.webmanifest                                            [39m[1m[2m  0.45 kB[22m[1m[22m
[2m23:39:29[22m [34m[vite][39m [2mdist/[22m[36m_astro/FadeIn.fnBeLZ0l.js                                       [39m[1m[2m  0.30 kB[22m[1m[22m[2m Γöé gzip:  0.23 kB[22m
[2m23:39:29[22m [34m[vite][39m [2mdist/[22m[36m_astro/TextReveal.C7a0lgWR.js                                   [39m[1m[2m  0.57 kB[22m[1m[22m[2m Γöé gzip:  0.40 kB[22m
[2m23:39:29[22m [34m[vite][39m [2mdist/[22m[36m_astro/_astro-entry_lucide-react.1jfD4VQS.js                    [39m[1m[2m  0.68 kB[22m[1m[22m[2m Γöé gzip:  0.34 kB[22m
[2m23:39:29[22m [34m[vite][39m [2mdist/[22m[36m_astro/Navbar.astro_astro_type_script_index_0_lang.BFlotKQ5.js  [39m[1m[2m  0.78 kB[22m[1m[22m[2m Γöé gzip:  0.41 kB[22m
[2m23:39:29[22m [34m[vite][39m [2mdist/[22m[36m_astro/JellyButton.HxNCt6uB.js                                  [39m[1m[2m  0.89 kB[22m[1m[22m[2m Γöé gzip:  0.51 kB[22m
[2m23:39:29[22m [34m[vite][39m [2mdist/[22m[36m_astro/StormToggle.YPQTWxZk.js                                  [39m[1m[2m  1.13 kB[22m[1m[22m[2m Γöé gzip:  0.70 kB[22m
[2m23:39:29[22m [34m[vite][39m [2mdist/[22m[36m_astro/ImageStorm.1qPs193I.js                                   [39m[1m[2m  1.18 kB[22m[1m[22m[2m Γöé gzip:  0.62 kB[22m
[2m23:39:29[22m [34m[vite][39m [2mdist/[22m[36m_astro/AboutContent.BEoQlEdH.js                                 [39m[1m[2m  1.77 kB[22m[1m[22m[2m Γöé gzip:  0.80 kB[22m
[2m23:39:29[22m [34m[vite][39m [2mdist/[22m[36m_astro/createLucideIcon.BgKQWy50.js                             [39m[1m[2m  1.86 kB[22m[1m[22m[2m Γöé gzip:  0.80 kB[22m
[2m23:39:29[22m [34m[vite][39m [2mdist/[22m[36m_astro/page.sJrt8mpm.js                                         [39m[1m[2m  2.25 kB[22m[1m[22m[2m Γöé gzip:  1.02 kB[22m
[2m23:39:29[22m [34m[vite][39m [2mdist/[22m[36m_astro/ExperienceContent.BCzhCpvo.js                            [39m[1m[2m  2.92 kB[22m[1m[22m[2m Γöé gzip:  1.15 kB[22m
[2m23:39:29[22m [34m[vite][39m [2mdist/[22m[36m_astro/Lightning.CRy_v77j.js                                    [39m[1m[2m  5.36 kB[22m[1m[22m[2m Γöé gzip:  2.58 kB[22m
[2m23:39:29[22m [34m[vite][39m [2mdist/[22m[36m_astro/index.JXKNaeUN.js                                        [39m[1m[2m  7.98 kB[22m[1m[22m[2m Γöé gzip:  3.10 kB[22m
[2m23:39:29[22m [34m[vite][39m [2mdist/[22m[36m_astro/_astro-entry_react-snowfall.DwSg8JOJ.js                  [39m[1m[2m  9.88 kB[22m[1m[22m[2m Γöé gzip:  3.44 kB[22m
[2m23:39:29[22m [34m[vite][39m [2mdist/[22m[36m_astro/index.astro_astro_type_script_index_0_lang.BuTAL_KA.js   [39m[1m[2m 47.97 kB[22m[1m[22m[2m Γöé gzip: 19.92 kB[22m
[2m23:39:29[22m [34m[vite][39m [2mdist/[22m[36m_astro/index.CB87Sc6I.js                                        [39m[1m[2m 70.32 kB[22m[1m[22m[2m Γöé gzip: 27.76 kB[22m
[2m23:39:29[22m [34m[vite][39m [2mdist/[22m[36m_astro/proxy.DQM-5x8p.js                                        [39m[1m[2m112.82 kB[22m[1m[22m[2m Γöé gzip: 37.28 kB[22m
[2m23:39:29[22m [34m[vite][39m [2mdist/[22m[36m_astro/client.CH8bs1hX.js                                       [39m[1m[2m186.62 kB[22m[1m[22m[2m Γöé gzip: 58.54 kB[22m
[2m23:39:29[22m [34m[vite][39m [32mΓ£ô built in 2.19s[39m

[42m[30m generating static routes [39m[49m
[2m23:39:29[22m [32mΓû╢[39m src/pages/about/index.astro
[2m23:39:29[22m   [34mΓööΓöÇ[39m [2m/about/index.html[22m [2m(+20ms)[22m 
[2m23:39:29[22m [32mΓû╢[39m src/pages/blog/[slug].astro
[2m23:39:29[22m   [34mΓö£ΓöÇ[39m [2m/blog/post-1/index.html[22m [2m(+7ms)[22m 
[2m23:39:29[22m   [34mΓööΓöÇ[39m [2m/blog/post-2/index.html[22m [2m(+5ms)[22m 
[2m23:39:29[22m [32mΓû╢[39m src/pages/blog/index.astro
[2m23:39:29[22m   [34mΓööΓöÇ[39m [2m/blog/index.html[22m [2m(+4ms)[22m 
[2m23:39:29[22m [32mΓû╢[39m src/pages/blog.astro
[2m23:39:29[22m   [34mΓööΓöÇ[39m [2m/blog/index.html[22m [2m(+4ms)[22m 
[2m23:39:29[22m [32mΓû╢[39m src/pages/contact/index.astro
[2m23:39:29[22m   [34mΓööΓöÇ[39m [2m/contact/index.html[22m [2m(+8ms)[22m 
[2m23:39:30[22m [32mΓû╢[39m src/pages/projects/index.astro
[2m23:39:30[22m   [34mΓööΓöÇ[39m [2m/projects/index.html[22m [2m(+7ms)[22m 
[2m23:39:30[22m [32mΓû╢[39m src/pages/index.astro
[2m23:39:30[22m   [34mΓööΓöÇ[39m [2m/index.html[22m [2m(+12ms)[22m 
[2m23:39:30[22m [32mΓ£ô Completed in 479ms.
[39m
[2m23:39:30[22m [34m[@astrojs/sitemap][39m `sitemap-index.xml` created at `dist`
node.exe : 
[31m[1m23:39:31[22m [ERROR] [@
vite-pwa/astro-integration][39m 
An unhandled error occurred 
while running the 
[1m"astro:build:done"[22m hook
At line:1 char:1
+ & "C:\Program 
Files\nodejs/node.exe" 
"C:\Program Files\nodejs/node_mo 
...
+ ~~~~~~~~~~~~~~~~~~~~~~~~~~~~~~~
~~~~~~~~~~~~~~~~~~~~~~~~~~~~~~~~~
~~~~~
    + CategoryInfo          : No 
   tSpecified: ([31m[1m23:39:  
  ...done"[22m hook:String) [   
 ], RemoteException
    + FullyQualifiedErrorId : Na 
   tiveCommandError
 

  Configure "workbox.maximumFileS
izeToCacheInBytes" to change the 
limit: the default value is 2 
MiB.
  Check https://vite-pwa-org.netl
ify.app/guide/faq.html#missing-as
sets-from-sw-precache-manifest 
for more information.
  Assets exceeding the limit:
  - images/wrappers-wrap.png is 
4.02 MB, and won't be precached.
  - images/portal-store.png is 
2.11 MB, and won't be precached.

  [1mLocation:[22m
    [4mC:\Users\Lenovo\Desktop\P
ractice-projects\my-portfolio\nod
e_modules\vite-plugin-pwa\dist\ch
unk-G4TAN34B.js:44:13[24m
  [1mStack trace:[22m
[2m    at logWorkboxResult (file
:///C:/Users/Lenovo/Desktop/Pract
ice-projects/my-portfolio/node_mo
dules/vite-plugin-pwa/dist/chunk-
G4TAN34B.js:44:13)
    at async _generateSW (file://
/C:/Users/Lenovo/Desktop/Practice
-projects/my-portfolio/node_modul
es/vite-plugin-pwa/dist/index.js:
234:5)
    at async astro:build:done (fi
le:///C:/Users/Lenovo/Desktop/Pra
ctice-projects/my-portfolio/node_
modules/@vite-pwa/astro/dist/inde
x.mjs:81:11)
    at async runHookInternal (fil
e:///C:/Users/Lenovo/Desktop/Prac
tice-projects/my-portfolio/node_m
odules/astro/dist/integrations/ho
oks.js:51:5)
    at async AstroBuilder.build (
file:///C:/Users/Lenovo/Desktop/P
ractice-projects/my-portfolio/nod
e_modules/astro/dist/core/build/i
ndex.js:167:5)
    at async build (file:///C:/Us
ers/Lenovo/Desktop/Practice-proje
cts/my-portfolio/node_modules/ast
ro/dist/core/build/index.js:45:3)
    at async runCommand (file:///
C:/Users/Lenovo/Desktop/Practice-
projects/my-portfolio/node_module
s/astro/dist/cli/index.js:210:7)
[22m
